// Jest Snapshot v1, https://goo.gl/fbAQLP

exports[`<Landing /> renders properly 1`] = `
<View>
  <Connect(Login) />
</View>
`;
