// Jest Snapshot v1, https://goo.gl/fbAQLP

exports[`<Loading /> renders properly 1`] = `
<div
  style={
    Object {
      "alignItems": "center",
      "display": "flex",
      "height": "100vh",
      "justifyContent": "center",
    }
  }
>
  <p>
    loading...
  </p>
</div>
`;
