// Jest Snapshot v1, https://goo.gl/fbAQLP

exports[`<NotFound /> renders properly 1`] = `
<View>
  <Text
    accessible={true}
    allowFontScaling={true}
    ellipsizeMode="tail"
  >
    404 not found
  </Text>
</View>
`;
